// Jest Snapshot v1, https://goo.gl/fbAQLP

exports[`Adds all of the potluck views to dom without crashing renders without crashing 1`] = `null`;
